[debug] [2026-09-19T22:09:33.057Z] ----------------------------------------------------------------------
[debug] [2026-09-19T22:09:33.062Z] Command:       C:\Program Files\nodejs\node.exe C:\Users\wagne\AppData\Roaming\npm\node_modules\firebase-tools\lib\bin\firebase.js init hosting
[debug] [2026-09-19T22:09:33.062Z] CLI Version:   15.30.2
[debug] [2026-09-19T22:09:33.062Z] Platform:      win32
[debug] [2026-09-19T22:09:33.062Z] Node Version:  v24.14.1
[debug] [2026-09-19T22:09:33.062Z] Detected Agent: unknown
[debug] [2026-09-19T22:09:33.062Z] Time:          Sat Sep 19 2026 19:09:33 GMT-0300 (Horário Padrão de Brasília)
[debug] [2026-09-19T22:09:33.062Z] ----------------------------------------------------------------------
[debug] 
[info] 
     ######## #### ########  ######## ########     ###     ######  ########
     ##        ##  ##     ## ##       ##     ##  ##   ##  ##       ##
     ######    ##  ########  ######   ########  #########  ######  ######
     ##        ##  ##    ##  ##       ##     ## ##     ##       ## ##
     ##       #### ##     ## ######## ########  ##     ##  ######  ########

You're about to initialize a Firebase project in this directory:

  C:\Users\wagne\OneDrive - Academico - Secretaria do Estado da Educação de São Paulo\Documentos\1-Meus Documentos\1-Wagner\Jogos\Rifa Interativa

[info] 
=== Project Setup
[info] 
[info] First, let's associate this project directory with a Firebase project.
[info] You can create multiple project aliases by running firebase use --add, 
[info] 
[debug] [2026-09-19T22:09:52.406Z] > command requires scopes: ["email","openid","https://www.googleapis.com/auth/cloudplatformprojects.readonly","https://www.googleapis.com/auth/firebase","https://www.googleapis.com/auth/cloud-platform"]
[debug] [2026-09-19T22:09:52.406Z] > authorizing via signed-in user (wagnerbizza@gmail.com)
[debug] [2026-09-19T22:09:52.434Z] Checked if tokens are valid: true, expires at: 1789859319075
[debug] [2026-09-19T22:09:52.434Z] Checked if tokens are valid: true, expires at: 1789859319075
[debug] [2026-09-19T22:09:52.435Z] >>> [apiv2][query] GET https://firebase.googleapis.com/v1beta1/projects pageSize=100
[debug] [2026-09-19T22:09:53.297Z] <<< [apiv2][status] GET https://firebase.googleapis.com/v1beta1/projects 200
[debug] [2026-09-19T22:09:53.297Z] <<< [apiv2][body] GET https://firebase.googleapis.com/v1beta1/projects [omitted]
[info] 
=== Hosting Setup
[debug] [2026-09-19T22:14:26.602Z] Checked if tokens are valid: true, expires at: 1789859319075
[debug] [2026-09-19T22:14:26.602Z] Checked if tokens are valid: true, expires at: 1789859319075
[debug] [2026-09-19T22:14:26.603Z] >>> [apiv2][query] GET https://firebase.googleapis.com/v1beta1/projects/rifa-interativa-943ed [none]
[debug] [2026-09-19T22:14:27.019Z] <<< [apiv2][status] GET https://firebase.googleapis.com/v1beta1/projects/rifa-interativa-943ed 200
[debug] [2026-09-19T22:14:27.020Z] <<< [apiv2][body] GET https://firebase.googleapis.com/v1beta1/projects/rifa-interativa-943ed {"projectId":"rifa-interativa-943ed","projectNumber":"369009200120","displayName":"Rifa Interativa","name":"projects/rifa-interativa-943ed","resources":{"hostingSite":"rifa-interativa-943ed"},"state":"ACTIVE","labels":{"firebase":"enabled"},"etag":"1_07376032-e3fc-4c07-bdfb-31fba927fd9e"}
[info] 
[info] Your public directory is the folder (relative to your project directory) that
[info] will contain Hosting assets to be uploaded with firebase deploy. If you
[info] have a build process for your assets, use your build's output directory.
[info] 
[info] 
[info] i  Didn't detect a .git folder. Assuming C:\Users\wagne\OneDrive - Academico - Secretaria do Estado da Educação de São Paulo\Documentos\1-Meus Documentos\1-Wagner\Jogos\Rifa Interativa is the project root. 
[info] i  Authorizing with GitHub to upload your service account to a GitHub repository's secrets store. 
[info] 
[info] Visit this URL on this device to log in:
[info] https://github.com/login/oauth/authorize?client_id=89cf50f02ac6aaed3484&state=747818071&redirect_uri=http%3A%2F%2Flocalhost%3A9005&scope=read%3Auser%20repo%20public_repo
[info] 
[info] Waiting for authentication...
[debug] [2026-09-19T22:15:21.075Z] >>> [apiv2][query] POST https://github.com/login/oauth/access_token [none]
[debug] [2026-09-19T22:15:21.076Z] >>> [apiv2][body] POST https://github.com/login/oauth/access_token [stream]
[debug] [2026-09-19T22:15:21.413Z] <<< [apiv2][status] POST https://github.com/login/oauth/access_token 200
[debug] [2026-09-19T22:15:21.413Z] <<< [apiv2][body] POST https://github.com/login/oauth/access_token {"access_token":"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","token_type":"bearer","scope":"read:user,repo"}
[debug] [2026-09-19T22:15:21.422Z] >>> [apiv2][query] GET https://api.github.com/user [none]
[debug] [2026-09-19T22:15:21.810Z] <<< [apiv2][status] GET https://api.github.com/user 200
[debug] [2026-09-19T22:15:21.810Z] <<< [apiv2][body] GET https://api.github.com/user {"login":"wagnerbizza","id":173160903,"node_id":"U_kgDOClI5xw","avatar_url":"https://avatars.githubusercontent.com/u/173160903?v=4","gravatar_id":"","url":"https://api.github.com/users/wagnerbizza","html_url":"https://github.com/wagnerbizza","followers_url":"https://api.github.com/users/wagnerbizza/followers","following_url":"https://api.github.com/users/wagnerbizza/following{/other_user}","gists_url":"https://api.github.com/users/wagnerbizza/gists{/gist_id}","starred_url":"https://api.github.com/users/wagnerbizza/starred{/owner}{/repo}","subscriptions_url":"https://api.github.com/users/wagnerbizza/subscriptions","organizations_url":"https://api.github.com/users/wagnerbizza/orgs","repos_url":"https://api.github.com/users/wagnerbizza/repos","events_url":"https://api.github.com/users/wagnerbizza/events{/privacy}","received_events_url":"https://api.github.com/users/wagnerbizza/received_events","type":"User","user_view_type":"private","site_admin":false,"name":"wagnerbizza","company":null,"blog":"","location":null,"email":null,"hireable":null,"bio":null,"twitter_username":null,"notification_email":null,"public_repos":3,"public_gists":0,"followers":18,"following":16,"created_at":"2024-06-18T11:52:12Z","updated_at":"2026-06-11T10:29:08Z","private_gists":0,"total_private_repos":2,"owned_private_repos":2,"disk_usage":6918,"collaborators":0,"two_factor_authentication":false,"plan":{"name":"free","space":976562499,"collaborators":0,"private_repos":10000}}
[info] 
[info] +  Success! Logged into GitHub as wagnerbizza 
[info] 
[debug] [2026-09-19T22:16:32.090Z] >>> [apiv2][query] GET https://api.github.com/repos//actions/secrets/public-key type=owner
[debug] [2026-09-19T22:16:32.240Z] <<< [apiv2][status] GET https://api.github.com/repos//actions/secrets/public-key 404
[debug] [2026-09-19T22:16:32.240Z] <<< [apiv2][body] GET https://api.github.com/repos//actions/secrets/public-key {"message":"Not Found","documentation_url":"https://docs.github.com/rest","status":"404"}
[info] 
[info] 
[error] !  The provided authorization cannot be used with this repository. If this repository is in an organization, did you remember to grant access? 
[info] 
[info] i  Action required: Visit this URL to ensure access has been granted to the appropriate organization(s) for the Firebase CLI GitHub OAuth App: 
[info] https://github.com/settings/connections/applications/89cf50f02ac6aaed3484
[info] 
[debug] [2026-09-19T22:16:35.838Z] >>> [apiv2][query] GET https://api.github.com/repos/n/actions/secrets/public-key type=owner
[debug] [2026-09-19T22:16:35.980Z] <<< [apiv2][status] GET https://api.github.com/repos/n/actions/secrets/public-key 404
[debug] [2026-09-19T22:16:35.980Z] <<< [apiv2][body] GET https://api.github.com/repos/n/actions/secrets/public-key {"message":"Not Found","documentation_url":"https://docs.github.com/rest","status":"404"}
[info] 
[info] 
[error] !  The provided authorization cannot be used with this repository. If this repository is in an organization, did you remember to grant access? 
[info] 
[info] i  Action required: Visit this URL to ensure access has been granted to the appropriate organization(s) for the Firebase CLI GitHub OAuth App: 
[info] https://github.com/settings/connections/applications/89cf50f02ac6aaed3484
[info] 
[debug] [2026-09-19T22:16:48.842Z] >>> [apiv2][query] GET https://api.github.com/repos/n/actions/secrets/public-key type=owner
[debug] [2026-09-19T22:16:49.004Z] <<< [apiv2][status] GET https://api.github.com/repos/n/actions/secrets/public-key 404
[debug] [2026-09-19T22:16:49.004Z] <<< [apiv2][body] GET https://api.github.com/repos/n/actions/secrets/public-key {"message":"Not Found","documentation_url":"https://docs.github.com/rest","status":"404"}
[info] 
[info] 
[error] !  The provided authorization cannot be used with this repository. If this repository is in an organization, did you remember to grant access? 
[info] 
[info] i  Action required: Visit this URL to ensure access has been granted to the appropriate organization(s) for the Firebase CLI GitHub OAuth App: 
[info] https://github.com/settings/connections/applications/89cf50f02ac6aaed3484
[info] 
[debug] [2026-09-19T22:16:50.940Z] >>> [apiv2][query] GET https://api.github.com/repos/n/actions/secrets/public-key type=owner
[debug] [2026-09-19T22:16:51.082Z] <<< [apiv2][status] GET https://api.github.com/repos/n/actions/secrets/public-key 404
[debug] [2026-09-19T22:16:51.082Z] <<< [apiv2][body] GET https://api.github.com/repos/n/actions/secrets/public-key {"message":"Not Found","documentation_url":"https://docs.github.com/rest","status":"404"}
[info] 
[info] 
[error] !  The provided authorization cannot be used with this repository. If this repository is in an organization, did you remember to grant access? 
[info] 
[info] i  Action required: Visit this URL to ensure access has been granted to the appropriate organization(s) for the Firebase CLI GitHub OAuth App: 
[info] https://github.com/settings/connections/applications/89cf50f02ac6aaed3484
[info] 
[debug] [2026-09-19T22:37:07.914Z] ExitPromptError: User force closed the prompt with SIGINT
    at Interface.sigint (C:\Users\wagne\AppData\Roaming\npm\node_modules\firebase-tools\node_modules\@inquirer\core\dist\commonjs\lib\create-prompt.js:101:37)
    at Interface.emit (node:events:508:28)
    at [_ttyWrite] [as _ttyWrite] (node:internal/readline/interface:1327:18)
    at ReadStream.onkeypress (node:internal/readline/interface:284:20)
    at ReadStream.emit (node:events:520:35)
    at emitKeys (node:internal/readline/utils:371:14)
    at emitKeys.next (<anonymous>)
    at ReadStream.onData (node:internal/readline/emitKeypressEvents:64:36)
    at ReadStream.emit (node:events:508:28)
    at addChunk (node:internal/streams/readable:563:12)
[error] 
[error] Error: An unexpected error has occurred.
